{
  "additionalProperties": null,
  "name": "DescriptiveMetadata",
  "type": "element",
  "cardinality": null,
  "groupOrChoice": null,
  "valueOrData": null,
  "dataType": null,
  "value": null,
  "documentation": null,
  "level": 0,
  "id": 0,
  "parentId": null,
  "choices": [],
  "children": [
    {
      "additionalProperties": null,
      "name": "ArchiveUnit",
      "type": "element",
      "cardinality": null,
      "groupOrChoice": null,
      "valueOrData": null,
      "dataType": null,
      "value": null,
      "documentation": null,
      "level": 1,
      "id": 1,
      "parentId": 0,
      "choices": [],
      "children": [
        {
          "additionalProperties": null,
          "name": "id",
          "type": "attribute",
          "cardinality": null,
          "groupOrChoice": null,
          "valueOrData": "data",
          "dataType": "ID",
          "value": null,
          "documentation": null,
          "level": 2,
          "id": 2,
          "parentId": 1,
          "choices": [],
          "children": [],
          "puaData": null
        },
        {
          "additionalProperties": null,
          "name": "ArchiveUnitProfile",
          "type": "element",
          "cardinality": "0-1",
          "groupOrChoice": null,
          "valueOrData": null,
          "dataType": "token",
          "value": null,
          "documentation": "DescriptionLevel : cardinalité 0-1 / valeur au choix",
          "level": 2,
          "id": 12,
          "parentId": 1,
          "choices": [],
          "children": [],
          "puaData": null
        },
        {
          "additionalProperties": null,
          "name": "Content",
          "type": "element",
          "cardinality": null,
          "groupOrChoice": null,
          "valueOrData": null,
          "dataType": null,
          "value": null,
          "documentation": null,
          "level": 2,
          "id": 3,
          "parentId": 1,
          "choices": [],
          "children": [
            {
              "additionalProperties": null,
              "name": "DescriptionLevel",
              "type": "element",
              "cardinality": "0-1",
              "groupOrChoice": null,
              "valueOrData": null,
              "dataType": "token",
              "value": null,
              "documentation": "DescriptionLevel : cardinalité 0-1",
              "level": 3,
              "id": 5,
              "parentId": 3,
              "choices": [],
              "children": [],
              "puaData": {
                "additionalProperties": null,
                "pattern": null,
                "minLenght": null,
                "maxLenght": null,
                "minimum": null,
                "maximum": null,
                "exclusiveMinimum": null,
                "exclusiveMaximum": null,
                "enum": [
                  "Fonds",
                  "Subfonds",
                  "Class",
                  "Collection",
                  "Series",
                  "Subseries",
                  "RecordGrp",
                  "SubGrp",
                  "File",
                  "Item",
                  "OtherLevel"
                ]
              }
            },
            {
              "additionalProperties": null,
              "name": "Title",
              "type": "element",
              "cardinality": "0-N",
              "groupOrChoice": null,
              "valueOrData": null,
              "dataType": "string",
              "value": null,
              "documentation": "Title : cardinalité 0-N / valeur au choix",
              "level": 3,
              "id": 4,
              "parentId": 3,
              "choices": [],
              "children": [],
              "puaData": null
            },
            {
              "additionalProperties": null,
              "name": "FilePlanPosition",
              "type": "element",
              "cardinality": "0-N",
              "groupOrChoice": null,
              "valueOrData": null,
              "dataType": "token",
              "value": null,
              "documentation": "FilePlanPosition : cardinalité 0-N / valeur au choix",
              "level": 3,
              "id": 8,
              "parentId": 3,
              "choices": [],
              "children": [],
              "puaData": null
            },
            {
              "additionalProperties": null,
              "name": "Tag",
              "type": "element",
              "cardinality": "0-N",
              "groupOrChoice": null,
              "valueOrData": null,
              "dataType": "token",
              "value": null,
              "documentation": "Tag : cardinalité 0-N / valeur au choix",
              "level": 3,
              "id": 11,
              "parentId": 3,
              "choices": [],
              "children": [],
              "puaData": null
            },
            {
              "additionalProperties": null,
              "name": "Keyword",
              "type": "element",
              "cardinality": "0-1",
              "groupOrChoice": null,
              "valueOrData": null,
              "dataType": "null",
              "value": null,
              "documentation": "Keyword : cardinalité 0-N / valeur au choix",
              "level": 3,
              "id": 6,
              "parentId": 3,
              "choices": [],
              "children": [
                {
                  "additionalProperties": null,
                  "name": "KeywordContent",
                  "type": "element",
                  "cardinality": "1",
                  "groupOrChoice": null,
                  "valueOrData": null,
                  "dataType": "string",
                  "value": null,
                  "documentation": "Identifier : cardinalité 1 / valeur au choix",
                  "level": 4,
                  "id": 7,
                  "parentId": 6,
                  "choices": [],
                  "children": [],
                  "puaData": null
                }
              ],
              "puaData": {
                "additionalProperties": false,
                "pattern": null,
                "minLenght": null,
                "maxLenght": null,
                "minimum": null,
                "maximum": null,
                "exclusiveMinimum": null,
                "exclusiveMaximum": null,
                "enum": null
              }
            },
            {
              "additionalProperties": null,
              "name": "OriginatingAgency",
              "type": "element",
              "cardinality": "0-1",
              "groupOrChoice": null,
              "valueOrData": null,
              "dataType": "null",
              "value": null,
              "documentation": "OriginatingAgency : cardinalité 0-1 / valeur au choix",
              "level": 3,
              "id": 9,
              "parentId": 3,
              "choices": [],
              "children": [
                {
                  "additionalProperties": null,
                  "name": "Identifier",
                  "type": "element",
                  "cardinality": "1",
                  "groupOrChoice": null,
                  "valueOrData": null,
                  "dataType": "string",
                  "value": null,
                  "documentation": "Identifier : cardinalité 1-1 / valeur au choix",
                  "level": 4,
                  "id": 10,
                  "parentId": 9,
                  "choices": [],
                  "children": [],
                  "puaData": null
                }
              ],
              "puaData": {
                "additionalProperties": false,
                "pattern": null,
                "minLenght": null,
                "maxLenght": null,
                "minimum": null,
                "maximum": null,
                "exclusiveMinimum": null,
                "exclusiveMaximum": null,
                "enum": null
              }
            }
          ],
          "puaData": null
        }
      ],
      "puaData": null
    }
  ],
  "puaData": null
}
